[INFO] [1791272581.472081071] [plc_hmi_listener]: Listening for PLC status on /hmi/unified_status
Received PLC status:
  Time: 1791272581.748929792
  Box weight raw: 

  Location: 

  Counts: big=None, medium=None, small=None, total=None

Received PLC status:
  Time: 1791272582.280771584
  Box weight raw: 

  Location: 

  Counts: big=None, medium=None, small=None, total=None

Received PLC status:
  Time: 1791272582.806763776
  Box weight raw: 

  Location: 

  Counts: big=None, medium=None, small=None, total=None

Received PLC status:
  Time: 1791272583.335803392
  Box weight raw: 

  Location: 

  Counts: big=None, medium=None, small=None, total=None

Received PLC status:
  Time: 1791272583.866957312
  Box weight raw: 

  Location: 

  Counts: big=None, medium=None, small=None, total=None

Received PLC status:
  Time: 1791272584.397245952
  Box weight raw: 

  Location: 

  Counts: big=None, medium=None, small=None, total=None

Received PLC status:
  Time: 1791272584.936353536
  Box weight raw: 

  Location: 

  Counts: big=None, medium=None, small=None, total=None

Received PLC status:
  Time: 1791272585.470439168
  Box weight raw: 

  Location: 

  Counts: big=None, medium=None, small=None, total=None

Received PLC status:
  Time: 1791272586.5677056
  Box weight raw: 

  Location: 

  Counts: big=None, medium=None, small=None, total=None

Received PLC status:
  Time: 1791272586.529321216
  Box weight raw: 

  Location: 

  Counts: big=None, medium=None, small=None, total=None

Received PLC status:
  Time: 1791272587.51547648
  Box weight raw: 

  Location: 

  Counts: big=None, medium=None, small=None, total=None

Received PLC status:
  Time: 1791272587.587465984
  Box weight raw: 

  Location: 

  Counts: big=None, medium=None, small=None, total=None

Received PLC status:
  Time: 1791272588.123237376
  Box weight raw: 

  Location: 

  Counts: big=None, medium=None, small=None, total=None

Received PLC status:
  Time: 1791272588.680860160
  Box weight raw: 

  Location: 

  Counts: big=None, medium=None, small=None, total=None

Received PLC status:
  Time: 1791272589.212842240
  Box weight raw: 

  Location: 

  Counts: big=None, medium=None, small=None, total=None

Received PLC status:
  Time: 1791272589.738491136
  Box weight raw: 

  Location: 

  Counts: big=None, medium=None, small=None, total=None

Received PLC status:
  Time: 1791272590.269024256
  Box weight raw: 

  Location: 

  Counts: big=None, medium=None, small=None, total=None

Received PLC status:
  Time: 1791272590.914444288
  Box weight raw: 

  Location: 

  Counts: big=None, medium=None, small=None, total=None

Received PLC status:
  Time: 1791272591.554471424
  Box weight raw: 

  Location: 

  Counts: big=None, medium=None, small=None, total=None

Received PLC status:
  Time: 1791272592.201732352
  Box weight raw: 

  Location: 

  Counts: big=None, medium=None, small=None, total=None

Received PLC status:
  Time: 1791272592.874912512
  Box weight raw: 

  Location: 

  Counts: big=None, medium=None, small=None, total=None

Received PLC status:
  Time: 1791272593.556229632
  Box weight raw: 

  Location: 

  Counts: big=None, medium=None, small=None, total=None

Received PLC status:
  Time: 1791272594.130960384
  Box weight raw: 

  Location: 

  Counts: big=None, medium=None, small=None, total=None

Received PLC status:
  Time: 1791272594.659922944
  Box weight raw: 

  Location: 

  Counts: big=None, medium=None, small=None, total=None

Received PLC status:
  Time: 1791272595.196676608
  Box weight raw: 

  Location: 

  Counts: big=None, medium=None, small=None, total=None

Received PLC status:
  Time: 1791272595.787782656
  Box weight raw: 

  Location: 

  Counts: big=None, medium=None, small=None, total=None

Received PLC status:
  Time: 1791272596.378323456
  Box weight raw: 

  Location: 

  Counts: big=None, medium=None, small=None, total=None

Received PLC status:
  Time: 1791272596.916026112
  Box weight raw: 

  Location: 

  Counts: big=None, medium=None, small=None, total=None

Received PLC status:
  Time: 1791272597.525819392
  Box weight raw: 

  Location: 

  Counts: big=None, medium=None, small=None, total=None

Received PLC status:
  Time: 1791272598.239844864
  Box weight raw: 

  Location: 

  Counts: big=None, medium=None, small=None, total=None

Received PLC status:
  Time: 1791272598.926455040
  Box weight raw: 

  Location: 

  Counts: big=None, medium=None, small=None, total=None

Received PLC status:
  Time: 1791272599.607825664
  Box weight raw: 

  Location: 

  Counts: big=None, medium=None, small=None, total=None

Received PLC status:
  Time: 1791272600.224554240
  Box weight raw: 

  Location: 

  Counts: big=None, medium=None, small=None, total=None

Received PLC status:
  Time: 1791272600.783713024
  Box weight raw: 

  Location: 

  Counts: big=None, medium=None, small=None, total=None

Received PLC status:
  Time: 1791272601.313277440
  Box weight raw: 

  Location: 

  Counts: big=None, medium=None, small=None, total=None

Received PLC status:
  Time: 1791272601.837388800
  Box weight raw: 

  Location: 

  Counts: big=None, medium=None, small=None, total=None

Received PLC status:
  Time: 1791272602.367542016
  Box weight raw: 

  Location: 

  Counts: big=None, medium=None, small=None, total=None

Received PLC status:
  Time: 1791272602.891996928
  Box weight raw: 

  Location: 

  Counts: big=None, medium=None, small=None, total=None

Received PLC status:
  Time: 1791272603.418548224
  Box weight raw: 

  Location: 

  Counts: big=None, medium=None, small=None, total=None

Received PLC status:
  Time: 1791272603.948697088
  Box weight raw: 

  Location: 

  Counts: big=None, medium=None, small=None, total=None

Received PLC status:
  Time: 1791272604.480167936
  Box weight raw: 

  Location: 

  Counts: big=None, medium=None, small=None, total=None

Received PLC status:
  Time: 1791272605.7753728
  Box weight raw: 

  Location: 

  Counts: big=None, medium=None, small=None, total=None

Received PLC status:
  Time: 1791272605.541627648
  Box weight raw: 

  Location: 

  Counts: big=None, medium=None, small=None, total=None

Received PLC status:
  Time: 1791272606.63907840
  Box weight raw: 

  Location: 

  Counts: big=None, medium=None, small=None, total=None

Received PLC status:
  Time: 1791272606.591817728
  Box weight raw: 

  Location: 

  Counts: big=None, medium=None, small=None, total=None

Received PLC status:
  Time: 1791272607.124142592
  Box weight raw: 

  Location: 

  Counts: big=None, medium=None, small=None, total=None

Received PLC status:
  Time: 1791272607.659952640
  Box weight raw: 

  Location: 

  Counts: big=None, medium=None, small=None, total=None

Received PLC status:
  Time: 1791272608.207896320
  Box weight raw: 

  Location: 

  Counts: big=None, medium=None, small=None, total=None

Received PLC status:
  Time: 1791272608.758529792
  Box weight raw: 

  Location: 

  Counts: big=None, medium=None, small=None, total=None

Received PLC status:
  Time: 1791272609.296130304
  Box weight raw: 

  Location: 

  Counts: big=None, medium=None, small=None, total=None

Received PLC status:
  Time: 1791272609.817786880
  Box weight raw: 

  Location: 

  Counts: big=None, medium=None, small=None, total=None

Received PLC status:
  Time: 1791272610.352632832
  Box weight raw: 

  Location: 

  Counts: big=None, medium=None, small=None, total=None

Received PLC status:
  Time: 1791272610.910806528
  Box weight raw: 

  Location: 

  Counts: big=None, medium=None, small=None, total=None

Received PLC status:
  Time: 1791272611.639774720
  Box weight raw: 

  Location: 

  Counts: big=None, medium=None, small=None, total=None

Received PLC status:
  Time: 1791272612.344177408
  Box weight raw: 

  Location: 

  Counts: big=None, medium=None, small=None, total=None

Received PLC status:
  Time: 1791272613.36747264
  Box weight raw: 

  Location: 

  Counts: big=None, medium=None, small=None, total=None

Received PLC status:
  Time: 1791272613.828834304
  Box weight raw: 

  Location: 

  Counts: big=None, medium=None, small=None, total=None

Received PLC status:
  Time: 1791272614.596192000
  Box weight raw: 

  Location: 

  Counts: big=None, medium=None, small=None, total=None

Received PLC status:
  Time: 1791272615.311225856
  Box weight raw: 

  Location: 

  Counts: big=None, medium=None, small=None, total=None

Received PLC status:
  Time: 1791272616.105273856
  Box weight raw: 

  Location: 

  Counts: big=None, medium=None, small=None, total=None

Received PLC status:
  Time: 1791272616.859807488
  Box weight raw: 

  Location: 

  Counts: big=None, medium=None, small=None, total=None

Received PLC status:
  Time: 1791272617.589173760
  Box weight raw: 

  Location: 

  Counts: big=None, medium=None, small=None, total=None

Received PLC status:
  Time: 1791272618.336829952
  Box weight raw: 

  Location: 

  Counts: big=None, medium=None, small=None, total=None

Received PLC status:
  Time: 1791272619.93638144
  Box weight raw: 

  Location: 

  Counts: big=None, medium=None, small=None, total=None

Received PLC status:
  Time: 1791272619.834641664
  Box weight raw: 

  Location: 

  Counts: big=None, medium=None, small=None, total=None

Received PLC status:
  Time: 1791272620.566086144
  Box weight raw: 

  Location: 

  Counts: big=None, medium=None, small=None, total=None

Received PLC status:
  Time: 1791272621.290643200
  Box weight raw: 

  Location: 

  Counts: big=None, medium=None, small=None, total=None

Received PLC status:
  Time: 1791272622.19287808
  Box weight raw: 

  Location: 

  Counts: big=None, medium=None, small=None, total=None

Received PLC status:
  Time: 1791272622.737793536
  Box weight raw: 

  Location: 

  Counts: big=None, medium=None, small=None, total=None

Received PLC status:
  Time: 1791272623.499329536
  Box weight raw: 

  Location: 

  Counts: big=None, medium=None, small=None, total=None

Received PLC status:
  Time: 1791272624.302510848
  Box weight raw: 

  Location: 

  Counts: big=None, medium=None, small=None, total=None

Received PLC status:
  Time: 1791272625.158974720
  Box weight raw: 

  Location: 

  Counts: big=None, medium=None, small=None, total=None

Received PLC status:
  Time: 1791272626.486823680
  Box weight raw: 

  Location: 

  Counts: big=None, medium=None, small=None, total=None

Received PLC status:
  Time: 1791272626.768009472
  Box weight raw: 

  Location: 

  Counts: big=None, medium=None, small=None, total=None

Received PLC status:
  Time: 1791272627.526077184
  Box weight raw: 

  Location: 

  Counts: big=None, medium=None, small=None, total=None

Received PLC status:
  Time: 1791272628.302226688
  Box weight raw: 

  Location: 

  Counts: big=None, medium=None, small=None, total=None

Received PLC status:
  Time: 1791272629.61785344
  Box weight raw: 

  Location: 

  Counts: big=None, medium=None, small=None, total=None

Received PLC status:
  Time: 1791272629.853221120
  Box weight raw: 

  Location: 

  Counts: big=None, medium=None, small=None, total=None

Received PLC status:
  Time: 1791272630.667438848
  Box weight raw: 

  Location: 

  Counts: big=None, medium=None, small=None, total=None

Received PLC status:
  Time: 1791272631.415675648
  Box weight raw: 

  Location: 

  Counts: big=None, medium=None, small=None, total=None

Received PLC status:
  Time: 1791272632.197333504
  Box weight raw: 

  Location: 

  Counts: big=None, medium=None, small=None, total=None

Received PLC status:
  Time: 1791272632.955471872
  Box weight raw: 

  Location: 

  Counts: big=None, medium=None, small=None, total=None

Received PLC status:
  Time: 1791272633.772406272
  Box weight raw: 

  Location: 

  Counts: big=None, medium=None, small=None, total=None

Received PLC status:
  Time: 1791272634.775673088
  Box weight raw: 

  Location: 

  Counts: big=None, medium=None, small=None, total=None

Received PLC status:
  Time: 1791272635.514175232
  Box weight raw: 

  Location: 

  Counts: big=None, medium=None, small=None, total=None

Received PLC status:
  Time: 1791272636.360422656
  Box weight raw: 

  Location: 

  Counts: big=None, medium=None, small=None, total=None

Received PLC status:
  Time: 1791272637.211714048
  Box weight raw: 

  Location: 

  Counts: big=None, medium=None, small=None, total=None

Received PLC status:
  Time: 1791272637.989713664
  Box weight raw: 

  Location: 

  Counts: big=None, medium=None, small=None, total=None

Received PLC status:
  Time: 1791272638.749889792
  Box weight raw: 

  Location: 

  Counts: big=None, medium=None, small=None, total=None

Received PLC status:
  Time: 1791272639.541103104
  Box weight raw: 

  Location: 

  Counts: big=None, medium=None, small=None, total=None

Received PLC status:
  Time: 1791272640.293960192
  Box weight raw: 

  Location: 

  Counts: big=None, medium=None, small=None, total=None

Received PLC status:
  Time: 1791272641.85311488
  Box weight raw: 

  Location: 

  Counts: big=None, medium=None, small=None, total=None

Received PLC status:
  Time: 1791272641.799581440
  Box weight raw: 

  Location: 

  Counts: big=None, medium=None, small=None, total=None

Received PLC status:
  Time: 1791272642.575181824
  Box weight raw: 

  Location: 

  Counts: big=None, medium=None, small=None, total=None

Received PLC status:
  Time: 1791272643.355407616
  Box weight raw: 

  Location: 

  Counts: big=None, medium=None, small=None, total=None

Received PLC status:
  Time: 1791272644.170947328
  Box weight raw: 

  Location: 

  Counts: big=None, medium=None, small=None, total=None

Received PLC status:
  Time: 1791272644.915306752
  Box weight raw: 

  Location: 

  Counts: big=None, medium=None, small=None, total=None

Received PLC status:
  Time: 1791272645.709109504
  Box weight raw: 

  Location: 

  Counts: big=None, medium=None, small=None, total=None

Received PLC status:
  Time: 1791272646.498119680
  Box weight raw: 

  Location: 

  Counts: big=None, medium=None, small=None, total=None

Received PLC status:
  Time: 1791272647.430219776
  Box weight raw: 

  Location: 

  Counts: big=None, medium=None, small=None, total=None

Received PLC status:
  Time: 1791272648.400060928
  Box weight raw: 

  Location: 

  Counts: big=None, medium=None, small=None, total=None

Received PLC status:
  Time: 1791272649.193672960
  Box weight raw: 

  Location: 

  Counts: big=None, medium=None, small=None, total=None

Received PLC status:
  Time: 1791272650.14878208
  Box weight raw: 

  Location: 

  Counts: big=None, medium=None, small=None, total=None

Received PLC status:
  Time: 1791272650.804031232
  Box weight raw: 

  Location: 

  Counts: big=None, medium=None, small=None, total=None

Received PLC status:
  Time: 1791272651.585502976
  Box weight raw: 

  Location: 

  Counts: big=None, medium=None, small=None, total=None

Received PLC status:
  Time: 1791272652.398194432
  Box weight raw: 

  Location: 

  Counts: big=None, medium=None, small=None, total=None

Received PLC status:
  Time: 1791272653.165106688
  Box weight raw: 

  Location: 

  Counts: big=None, medium=None, small=None, total=None

Received PLC status:
  Time: 1791272653.931023872
  Box weight raw: 

  Location: 

  Counts: big=None, medium=None, small=None, total=None

Received PLC status:
  Time: 1791272654.747933184
  Box weight raw: 

  Location: 

  Counts: big=None, medium=None, small=None, total=None

Received PLC status:
  Time: 1791272655.544881408
  Box weight raw: 

  Location: 

  Counts: big=None, medium=None, small=None, total=None

Received PLC status:
  Time: 1791272656.326638592
  Box weight raw: 

  Location: 

  Counts: big=None, medium=None, small=None, total=None

Received PLC status:
  Time: 1791272657.120702208
  Box weight raw: 

  Location: 

  Counts: big=None, medium=None, small=None, total=None

Received PLC status:
  Time: 1791272657.906679040
  Box weight raw: 

  Location: 

  Counts: big=None, medium=None, small=None, total=None

Received PLC status:
  Time: 1791272658.705020928
  Box weight raw: 

  Location: 

  Counts: big=None, medium=None, small=None, total=None

Received PLC status:
  Time: 1791272659.475708416
  Box weight raw: 

  Location: 

  Counts: big=None, medium=None, small=None, total=None

Received PLC status:
  Time: 1791272660.284069888
  Box weight raw: 

  Location: 

  Counts: big=None, medium=None, small=None, total=None

Received PLC status:
  Time: 1791272661.52935936