[INFO] [1791272090.769229112] [pineapple_gossip_bot]: Publishing to /status_updates every 2 seconds.
[INFO] [1791272092.737923888] [pineapple_gossip_bot]: Published: Pine-Apple AMR online - warehouse link active.
[INFO] [1791272094.738313104] [pineapple_gossip_bot]: Published: Hand Solo status: ready for the next warehouse task.
[INFO] [1791272096.737841871] [pineapple_gossip_bot]: Published: Route check complete - systems nominal.
[INFO] [1791272098.737944271] [pineapple_gossip_bot]: Published: Group 5 ROS2 communication hub is running.
[INFO] [1791272100.737879870] [pineapple_gossip_bot]: Published: Pine-Apple AMR online - warehouse link active.
[INFO] [1791272102.740251183] [pineapple_gossip_bot]: Published: Hand Solo status: ready for the next warehouse task.
[INFO] [1791272104.737877857] [pineapple_gossip_bot]: Published: Route check complete - systems nominal.
[INFO] [1791272106.737799561] [pineapple_gossip_bot]: Published: Group 5 ROS2 communication hub is running.
[INFO] [1791272108.737827090] [pineapple_gossip_bot]: Published: Pine-Apple AMR online - warehouse link active.
[INFO] [1791272110.738102130] [pineapple_gossip_bot]: Published: Hand Solo status: ready for the next warehouse task.
[INFO] [1791272112.738478069] [pineapple_gossip_bot]: Published: Route check complete - systems nominal.
[INFO] [1791272114.737656079] [pineapple_gossip_bot]: Published: Group 5 ROS2 communication hub is running.
[INFO] [1791272116.737796787] [pineapple_gossip_bot]: Published: Pine-Apple AMR online - warehouse link active.
[INFO] [1791272118.737820554] [pineapple_gossip_bot]: Published: Hand Solo status: ready for the next warehouse task.
[INFO] [1791272120.738163837] [pineapple_gossip_bot]: Published: Route check complete - systems nominal.
[INFO] [1791272122.737881342] [pineapple_gossip_bot]: Published: Group 5 ROS2 communication hub is running.
[INFO] [1791272124.739591546] [pineapple_gossip_bot]: Published: Pine-Apple AMR online - warehouse link active.
[INFO] [1791272126.737967064] [pineapple_gossip_bot]: Published: Hand Solo status: ready for the next warehouse task.
[INFO] [1791272128.739831465] [pineapple_gossip_bot]: Published: Route check complete - systems nominal.
[INFO] [1791272130.738582054] [pineapple_gossip_bot]: Published: Group 5 ROS2 communication hub is running.
[INFO] [1791272132.737896917] [pineapple_gossip_bot]: Published: Pine-Apple AMR online - warehouse link active.
[INFO] [1791272134.741314211] [pineapple_gossip_bot]: Published: Hand Solo status: ready for the next warehouse task.
[INFO] [1791272136.737854580] [pineapple_gossip_bot]: Published: Route check complete - systems nominal.
[INFO] [1791272138.739212468] [pineapple_gossip_bot]: Published: Group 5 ROS2 communication hub is running.
[INFO] [1791272140.739396529] [pineapple_gossip_bot]: Published: Pine-Apple AMR online - warehouse link active.
[INFO] [1791272142.737908380] [pineapple_gossip_bot]: Published: Hand Solo status: ready for the next warehouse task.
[INFO] [1791272144.737837200] [pineapple_gossip_bot]: Published: Route check complete - systems nominal.
[INFO] [1791272146.739226671] [pineapple_gossip_bot]: Published: Group 5 ROS2 communication hub is running.
[INFO] [1791272148.739328259] [pineapple_gossip_bot]: Published: Pine-Apple AMR online - warehouse link active.
[INFO] [1791272150.738347520] [pineapple_gossip_bot]: Published: Hand Solo status: ready for the next warehouse task.
[INFO] [1791272152.737852009] [pineapple_gossip_bot]: Published: Route check complete - systems nominal.
[INFO] [1791272154.749493866] [pineapple_gossip_bot]: Published: Group 5 ROS2 communication hub is running.
[INFO] [1791272156.738778273] [pineapple_gossip_bot]: Published: Pine-Apple AMR online - warehouse link active.
[INFO] [1791272158.741895864] [pineapple_gossip_bot]: Published: Hand Solo status: ready for the next warehouse task.
[INFO] [1791272160.737885089] [pineapple_gossip_bot]: Published: Route check complete - systems nominal.
[INFO] [1791272162.737852852] [pineapple_gossip_bot]: Published: Group 5 ROS2 communication hub is running.
[INFO] [1791272164.737812029] [pineapple_gossip_bot]: Published: Pine-Apple AMR online - warehouse link active.
